---
{
  "title": "Command line help",
  "description": "The help message may also be printed by using the help argument.",
  "args": "--help",
  "input": []
}
---
A very minimal terminal calculator with a bit of an unusual syntax.

Usage:
  tiny-calc [OPTIONS]

Options:
  -h, --help, -?     Print this help message
  --plain            Only print the results of the calculation,
                     or error messages (useful for piping)
  --print-tokens     Print token streams
  --print-chunks     Print compiled chunks

